upload start 2026-10-02T02:09:34+00:00: 26 small, 7 large
blob ok data_external/GeoDAWN_area1_outline.zip (0.0 MB)
blob ok data_external/GeoDAWN_area1_outline.zip_clipped.geojson (0.0 MB)
blob ok data_external/GeoDAWN_area2_outline.zip (0.0 MB)
blob ok data_external/GeoDAWN_area2_outline.zip_clipped.geojson (0.0 MB)
blob ok data_external/fetch_manifest.json (0.0 MB)
blob ok data_external/geodawn_sb_item.html (0.1 MB)
blob ok data_external/mrds_landing.html (0.0 MB)
blob ok data_external/qfaults_v2_in_footprint.json (1.3 MB)
blob ok data_external/tiger_ROADS_06003_clipped.geojson (0.6 MB)
blob ok data_external/tiger_ROADS_06017_clipped.geojson (0.5 MB)
blob ok data_external/tiger_ROADS_06019_clipped.geojson (0.0 MB)
blob ok data_external/tiger_ROADS_06027_clipped.geojson (1.0 MB)
blob ok data_external/tiger_ROADS_06035_clipped.geojson (0.0 MB)
blob ok data_external/tiger_ROADS_06039_clipped.geojson (0.7 MB)
blob ok data_external/tiger_ROADS_06043_clipped.geojson (3.2 MB)
blob ok data_external/tiger_ROADS_06091_clipped.geojson (0.0 MB)
blob ok data_external/tiger_ROADS_06109_clipped.geojson (1.7 MB)
blob ok data_external/tiger_ROADS_32005_clipped.geojson (2.2 MB)
blob ok data_external/tiger_ROADS_32007_clipped.geojson (0.0 MB)
blob ok data_external/tiger_ROADS_32009_clipped.geojson (3.8 MB)
blob ok data_external/tiger_ROADS_32011_clipped.geojson (2.1 MB)
blob ok data_external/tiger_ROADS_32013_clipped.geojson (0.4 MB)
blob ok data_external/tiger_ROADS_32021_clipped.geojson (3.8 MB)
blob ok data_external/tiger_ROADS_32027_clipped.geojson (3.3 MB)
blob ok data_external/tiger_ROADS_32029_clipped.geojson (1.3 MB)
blob ok data_external/tiger_ROADS_32510_clipped.geojson (0.9 MB)
blob ok data_external/push.log (0.0 MB)
PUSHED public-layers @ 670c4dd6 with 27 files (base=True)
blob ok data_external/mrds_mrds_csv.zip (25.8 MB)
blob ok data_external/push.log (0.0 MB)
PUSHED public-layers @ 627c185f with 2 files (base=True)
blob ok data_external/tiger_ROADS_06051_clipped.geojson (5.4 MB)
