06003 804
06005 340
06009 4307
06017 2372
06019 2022
06027 3472
06035 3217
06039 6128
06043 5392
06047 2443
06051 6217
06057 2005
06061 2177
06063 1881
06091 1635
06099 25
06109 7935
32001 5726
32005 3881
32007 774
32009 3590
32011 3721
32013 3752
32015 5520
32019 6226
32021 5537
32023 11273
32027 6657
32029 1943
32031 14968
32033 13
32510 2013
{
  "generated_utc": "2026-10-02T15:39:38.729402+00:00",
  "source_bbox_wgs84": [
    -120.5,
    37.0,
    -115.9,
    41.0
  ],
  "source_window_verified": true,
  "seed_grid_buffer_m": 20000,
  "counties": [
    "06003",
    "06005",
    "06009",
    "06017",
    "06019",
    "06027",
    "06035",
    "06039",
    "06043",
    "06047",
    "06051",
    "06057",
    "06061",
    "06063",
    "06091",
    "06099",
    "06109",
    "32001",
    "32005",
    "32007",
    "32009",
    "32011",
    "32013",
    "32015",
    "32019",
    "32021",
    "32023",
    "32027",
    "32029",
    "32031",
    "32033",
    "32510"
  ],
  "county_download": {
    "url": "https://www2.census.gov/geo/tiger/TIGER2024/COUNTY/tl_2024_us_county.zip",
    "bytes": 83913260,
    "sha256": "04e668d3502757c837c13444730547cd967f28a2c49aeffb873d1792ab2cb97b"
  },
  "county_source_crs": "EPSG:4269",
  "county_source_epsg": 4269,
  "geometry_counts": {
    "06003": 804,
    "06005": 340,
    "06009": 4307,
    "06017": 2372,
    "06019": 2022,
    "06027": 3472,
    "06035": 3217,
    "06039": 6128,
    "06043": 5392,
    "06047": 2443,
    "06051": 6217,
    "06057": 2005,
    "06061": 2177,
    "06063": 1881,
    "06091": 1635,
    "06099": 25,
    "06109": 7935,
    "32001": 5726,
    "32005": 3881,
    "32007": 774,
    "32009": 3590,
    "32011": 3721,
    "32013": 3752,
    "32015": 5520,
    "32019": 6226,
    "32021": 5537,
    "32023": 11273,
    "32027": 6657,
    "32029": 1943,
    "32031": 14968,
    "32033": 13,
    "32510": 2013
  },
  "mtfcc_counts": {
    "S1400": 112953,
    "S1740": 6542,
    "S1500": 5791,
    "S1200": 981,
    "S1710": 120,
    "S1640": 157,
    "S1780": 118,
    "S1630": 936,
    "S1820": 41,
    "S1100": 63,
    "S1830": 2,
    "S1730": 260,
    "S1720": 2
  },
  "file": "data/external/audit_sources/tiger_road_distance_m.tif",
  "sha256": "459af5cf2247d07580af42f737533863749166cd42027a0d340745ceb3ed21b8",
  "mtfcc_excluded_counts": {
    "S1750": 183
  },
  "mtfcc_policy": "Census 2024 MTFCC Road/Path feature codes only; S1750 and unknown/non-road classes excluded",
  "seed_pixels": 1141492,
  "complete_county_check": true,
  "limitation": "TIGER local/private/service roads, vehicular trails, pedestrian/bike/bridle paths and selected access ways; not a complete hiking-path or travel-time model"
}
